// Jest Snapshot v1, https://goo.gl/fbAQLP

exports[`Test in FirstApp It must display <FirstApp />correctly. 1`] = `
<Fragment>
  <h1>
    Hi, i'm Goku
  </h1>
  <hr />
  <p>
    I'm subtitle
  </p>
</Fragment>
`;
